10:16:18 [INFO] 

======================================================================
10:16:18 [INFO] [程序启动] stock_analyzer v1.1 开始运行
10:16:18 [INFO] [程序启动] 时间: 2026-07-24 10:16:18
10:16:18 [INFO] ======================================================================
10:16:18 [INFO] 
[进度] 正在分析第 1/3 只股票: 600519
10:16:18 [INFO] 
======================================================================
10:16:18 [INFO] [分析开始] 股票分析报告：600519
10:16:18 [INFO] ======================================================================
10:16:18 [INFO] [阶段] 1/4 - 数据获取
10:16:18 [INFO] [数据获取] 开始获取股票 600519 数据
10:16:18 [INFO] [数据获取] 日期范围: 20260326 ~ 20260724, 天数: 120
10:16:19 [WARNING] [数据获取] ⚠️ 获取600519失败(('Connection aborted.', Remote...)，2.5秒后重试
10:16:22 [WARNING] [数据获取] ⚠️ 获取600519失败(('Connection aborted.', Remote...)，3.3秒后重试
10:16:25 [WARNING] [数据获取] ⚠️ 获取600519失败(('Connection aborted.', Remote...)，5.2秒后重试
10:16:31 [INFO] [数据获取] ✅ 成功获取 600519 数据，共 82 条记录
10:16:31 [INFO] [数据获取] 时间范围: 2026-03-26 ~ 2026-07-24
10:16:31 [INFO] [阶段] 2/4 - 指标计算
10:16:31 [INFO] [指标计算] 开始计算均线系统 (MA5/MA10/MA20/MA60)
10:16:31 [INFO] [指标计算] ✅ 均线计算完成
10:16:31 [INFO] [指标计算]   MA5=1305.06  MA10=1271.42  MA20=1233.37  MA60=1258.11
10:16:31 [INFO] [指标计算] 开始计算MACD (fast=12, slow=26, signal=9)
10:16:31 [INFO] [指标计算] ✅ MACD计算完成
10:16:31 [INFO] [指标计算]   DIF=18.827  DEA=6.840  MACD=23.974
10:16:31 [INFO] [指标计算] 开始计算KDJ (n=9, m1=3, m2=3)
10:16:31 [INFO] [指标计算] ✅ KDJ计算完成
10:16:31 [INFO] [指标计算]   K=73.0  D=78.6  J=61.9
10:16:31 [INFO] [指标计算] 开始计算RSI (period=14)
10:16:31 [INFO] [指标计算] ✅ RSI计算完成
10:16:31 [INFO] [指标计算]   RSI=67.9
10:16:31 [INFO] [指标计算] 开始计算量比 (period=5)
10:16:31 [INFO] [指标计算] ✅ 量比计算完成
10:16:31 [INFO] [指标计算]   量比=0.15
10:16:31 [INFO] [指标计算]   ⚠️ 量比=0.15 缩量
10:16:31 [INFO] [阶段] 3/4 - 行情输出
10:16:31 [INFO] [行情] 最新交易日: 2026-07-24
10:16:31 [INFO] [行情] 收盘价: 1292.79  涨跌幅: 0.06%
10:16:31 [INFO] [行情] 成交量: 10431  量比: 0.15
10:16:31 [INFO] [阶段] 4/4 - 信号生成
10:16:31 [INFO] [信号判断] 开始信号判断...
10:16:31 [INFO] [信号判断] ✅ 信号判断完成，共生成 0 个信号
10:16:31 [INFO] 
[综合评估] 买入信号: 0个 | 卖出信号: 0个 | 观望信号: 0个
10:16:31 [INFO] [综合评估] 🟡 建议：信号混合，建议观望或轻仓试探
10:16:31 [INFO] [分析结束] 分析数据已保存到: analysis_600519.csv
10:16:31 [INFO] 
[进度] 正在分析第 2/3 只股票: 300750
10:16:31 [INFO] 
======================================================================
10:16:31 [INFO] [分析开始] 股票分析报告：300750
10:16:31 [INFO] ======================================================================
10:16:31 [INFO] [阶段] 1/4 - 数据获取
10:16:31 [INFO] [数据获取] 开始获取股票 300750 数据
10:16:31 [INFO] [数据获取] 日期范围: 20260326 ~ 20260724, 天数: 120
10:16:32 [INFO] [数据获取] ✅ 成功获取 300750 数据，共 82 条记录
10:16:32 [INFO] [数据获取] 时间范围: 2026-03-26 ~ 2026-07-24
10:16:32 [INFO] [阶段] 2/4 - 指标计算
10:16:32 [INFO] [指标计算] 开始计算均线系统 (MA5/MA10/MA20/MA60)
10:16:32 [INFO] [指标计算] ✅ 均线计算完成
10:16:32 [INFO] [指标计算]   MA5=380.45  MA10=372.45  MA20=374.42  MA60=401.03
10:16:32 [INFO] [指标计算] 开始计算MACD (fast=12, slow=26, signal=9)
10:16:32 [INFO] [指标计算] ✅ MACD计算完成
10:16:32 [INFO] [指标计算]   DIF=-4.274  DEA=-7.644  MACD=6.741
10:16:32 [INFO] [指标计算] 开始计算KDJ (n=9, m1=3, m2=3)
10:16:32 [INFO] [指标计算] ✅ KDJ计算完成
10:16:32 [INFO] [指标计算]   K=76.3  D=65.9  J=96.9
10:16:32 [INFO] [指标计算]   ⚠️ J值=96.9 处于超买区
10:16:32 [INFO] [指标计算] 开始计算RSI (period=14)
10:16:32 [INFO] [指标计算] ✅ RSI计算完成
10:16:32 [INFO] [指标计算]   RSI=53.9
10:16:32 [INFO] [指标计算] 开始计算量比 (period=5)
10:16:32 [INFO] [指标计算] ✅ 量比计算完成
10:16:32 [INFO] [指标计算]   量比=0.22
10:16:32 [INFO] [指标计算]   ⚠️ 量比=0.22 缩量
10:16:32 [INFO] [阶段] 3/4 - 行情输出
10:16:32 [INFO] [行情] 最新交易日: 2026-07-24
10:16:32 [INFO] [行情] 收盘价: 385.37  涨跌幅: -0.16%
10:16:32 [INFO] [行情] 成交量: 91672  量比: 0.22
10:16:32 [INFO] [阶段] 4/4 - 信号生成
10:16:32 [INFO] [信号判断] 开始信号判断...
10:16:32 [INFO] [信号判断] 📉 警惕信号: KDJ超买区 J=96.9
10:16:32 [INFO] [信号判断] ✅ 信号判断完成，共生成 1 个信号
10:16:32 [INFO] 
[综合评估] 买入信号: 0个 | 卖出信号: 0个 | 观望信号: 1个
10:16:32 [INFO] [综合评估] 🟡 建议：信号混合，建议观望或轻仓试探
10:16:32 [INFO] [分析结束] 分析数据已保存到: analysis_300750.csv
10:16:32 [INFO] 
[进度] 正在分析第 3/3 只股票: 002594
10:16:32 [INFO] 
======================================================================
10:16:32 [INFO] [分析开始] 股票分析报告：002594
10:16:32 [INFO] ======================================================================
10:16:32 [INFO] [阶段] 1/4 - 数据获取
10:16:32 [INFO] [数据获取] 开始获取股票 002594 数据
10:16:32 [INFO] [数据获取] 日期范围: 20260326 ~ 20260724, 天数: 120
10:16:33 [INFO] [数据获取] ✅ 成功获取 002594 数据，共 82 条记录
10:16:33 [INFO] [数据获取] 时间范围: 2026-03-26 ~ 2026-07-24
10:16:33 [INFO] [阶段] 2/4 - 指标计算
10:16:33 [INFO] [指标计算] 开始计算均线系统 (MA5/MA10/MA20/MA60)
10:16:33 [INFO] [指标计算] ✅ 均线计算完成
10:16:33 [INFO] [指标计算]   MA5=93.06  MA10=92.18  MA20=88.62  MA60=92.11
10:16:33 [INFO] [指标计算] 开始计算MACD (fast=12, slow=26, signal=9)
10:16:33 [INFO] [指标计算] ✅ MACD计算完成
10:16:33 [INFO] [指标计算]   DIF=1.205  DEA=0.464  MACD=1.482
10:16:33 [INFO] [指标计算] 开始计算KDJ (n=9, m1=3, m2=3)
10:16:33 [INFO] [指标计算] ✅ KDJ计算完成
10:16:33 [INFO] [指标计算]   K=66.3  D=72.5  J=53.9
10:16:33 [INFO] [指标计算] 开始计算RSI (period=14)
10:16:33 [INFO] [指标计算] ✅ RSI计算完成
10:16:33 [INFO] [指标计算]   RSI=61.7
10:16:33 [INFO] [指标计算] 开始计算量比 (period=5)
10:16:33 [INFO] [指标计算] ✅ 量比计算完成
10:16:33 [INFO] [指标计算]   量比=0.17
10:16:33 [INFO] [指标计算]   ⚠️ 量比=0.17 缩量
10:16:33 [INFO] [阶段] 3/4 - 行情输出
10:16:33 [INFO] [行情] 最新交易日: 2026-07-24
10:16:33 [INFO] [行情] 收盘价: 92.84  涨跌幅: 0.21%
10:16:33 [INFO] [行情] 成交量: 91762  量比: 0.17
10:16:33 [INFO] [阶段] 4/4 - 信号生成
10:16:33 [INFO] [信号判断] 开始信号判断...
10:16:33 [INFO] [信号判断] ✅ 信号判断完成，共生成 0 个信号
10:16:33 [INFO] 
[综合评估] 买入信号: 0个 | 卖出信号: 0个 | 观望信号: 0个
10:16:33 [INFO] [综合评估] 🟡 建议：信号混合，建议观望或轻仓试探
10:16:33 [INFO] [分析结束] 分析数据已保存到: analysis_002594.csv
10:16:33 [INFO] 

======================================================================
10:16:33 [INFO] [程序结束] 分析完成！时间: 2026-07-24 10:16:33
10:16:33 [INFO] ======================================================================
